study index3
Site ID   Ant. Elev. AMSL (m )  Frequency (MHz)  ERPi(dbW) Orient./Pol.  Group  Coordinates
--------  --------------------  ---------------  ----------  ------------  -----  ---------------------------
ABAA0001                 120.8        960.00000       16.00    Use file-horizontal      1  N44°42'50.28" W122°55'15.06"
ABAA0002                 120.8        960.00000       16.00    Use file-horizontal      1  N44°42'50.28" W122°55'15.06"
ABAA0003                 120.8        960.00000       16.00    Use file-horizontal      1  N44°42'50.28" W122°55'15.06"
ABAB0001                 129.3        960.00000       11.00    Use file-horizontal      1  N44°29'44.45" W122°58'48.31"
ABAB0002                 129.3        960.00000       11.00    Use file-horizontal      1  N44°29'44.45" W122°58'48.31"
ABAB0003                 129.3        960.00000       11.00    Use file-horizontal      1  N44°29'44.45" W122°58'48.31"
ABAC0001                 136.8        960.00000       16.00    Use file-horizontal      1  N44°31'35.63" W122°54'28.27"
ABAC0002                 136.8        960.00000       16.00    Use file-horizontal      1  N44°31'35.63" W122°54'28.27"
ABAC0003                 136.8        960.00000       16.00    Use file-horizontal      1  N44°31'35.63" W122°54'28.27"
ABAD0001                  84.1        960.00000       11.00    Use file-horizontal      1  N44°51'03.59" W123°12'18.20"
ABAD0002                  84.1        960.00000       11.00    Use file-horizontal      1  N44°51'03.59" W123°12'18.20"
ABAD0003                  84.1        960.00000       11.00    Use file-horizontal      1  N44°51'03.59" W123°12'18.20"
ABAE0001                 137.4        960.00000       11.00    Use file-horizontal      1  N44°32'27.95" W122°54'34.55"
ABAE0002                 137.4        960.00000       11.00    Use file-horizontal      1  N44°32'27.95" W122°54'34.55"
ABAE0003                 137.4        960.00000       11.00    Use file-horizontal      1  N44°32'27.95" W122°54'34.55"
ABAF0001                 133.3        960.00000       16.00    Use file-horizontal      1  N44°47'42.14" W122°55'09.46"
ABAF0002                 133.3        960.00000       16.00    Use file-horizontal      1  N44°47'42.14" W122°55'09.46"
ABAF0003                 133.3        960.00000       16.00    Use file-horizontal      1  N44°47'42.14" W122°55'09.46"
ABAG0001                 172.3        960.00000       11.00    Use file-horizontal      1  N44°48'00.75" W122°47'33.65"
ABAG0002                 172.3        960.00000       11.00    Use file-horizontal      1  N44°48'00.75" W122°47'33.65"
ABAG0003                 172.3        960.00000       11.00    Use file-horizontal      1  N44°48'00.75" W122°47'33.65"
ABAH0001                 116.6        960.00000       16.00    Use file-horizontal      1  N44°31'05.51" W123°05'20.17"
ABAH0002                 116.6        960.00000       16.00    Use file-horizontal      1  N44°31'05.51" W123°05'20.17"
ABAH0003                 116.6        960.00000       16.00    Use file-horizontal      1  N44°31'05.51" W123°05'20.17"
ABAI0001                 101.0        960.00000       11.00    Use file-horizontal      1  N44°36'58.87" W123°05'21.92"
ABAI0002                 101.0        960.00000       11.00    Use file-horizontal      1  N44°36'58.87" W123°05'21.92"
ABAI0003                 101.0        960.00000       11.00    Use file-horizontal      1  N44°36'58.87" W123°05'21.92"
ABAJ0001                 168.0        960.00000       16.00    Use file-horizontal      1  N44°45'26.73" W123°13'41.65"
ABAJ0002                 168.0        960.00000       16.00    Use file-horizontal      1  N44°45'26.73" W123°13'41.65"
ABAK0001                 121.7        960.00000       16.00    Use file-horizontal      1  N44°28'45.22" W123°11'50.69"
ABAK0002                 121.7        960.00000       16.00    Use file-horizontal      1  N44°28'45.22" W123°11'50.69"
ABAL0001                  96.7        960.00000       11.00    Use file-horizontal      1  N44°37'43.94" W123°05'51.59"
ABAL0002                  96.7        960.00000       11.00    Use file-horizontal      1  N44°37'43.94" W123°05'51.59"
ABAL0003                  96.7        960.00000       11.00    Use file-horizontal      1  N44°37'43.94" W123°05'51.59"
ABAM0001                 132.6        960.00000       16.00    Use file-horizontal      1  N44°50'29.15" W122°54'28.68"
ABAM0002                 132.6        960.00000       16.00    Use file-horizontal      1  N44°50'29.15" W122°54'28.68"
ABAN0001                  91.1        960.00000       11.00    Use file-horizontal      1  N44°46'33.66" W123°05'17.11"
ABAN0002                  91.1        960.00000       11.00    Use file-horizontal      1  N44°46'33.66" W123°05'17.11"
ABAN0003                  91.1        960.00000       11.00    Use file-horizontal      1  N44°46'33.66" W123°05'17.11"
ABAO0001                 121.5        960.00000       11.00    Use file-horizontal      1  N44°37'40.46" W122°55'09.47"
ABAO0002                 121.5        960.00000       11.00    Use file-horizontal      1  N44°37'40.46" W122°55'09.47"
ABAO0003                 121.5        960.00000       11.00    Use file-horizontal      1  N44°37'40.46" W122°55'09.47"
ABAP0001                 201.7        960.00000       16.00    Use file-horizontal      1  N44°39'12.54" W123°12'27.38"
ABAP0002                 201.7        960.00000       16.00    Use file-horizontal      1  N44°39'12.54" W123°12'27.38"
